// Jest Snapshot v1, https://goo.gl/fbAQLP

exports[`Footer renders correctly 1`] = `
<footer class="footer">
  <div class="container">
    <div class="content has-text-centered">
      Check source code
      <a href="https://github.com/carloscorti/vue-ssr" target="_blank">GitHub</a>
    </div>
  </div>
</footer>
`;
